
> pyvizast-frontend@0.7.0 build
> react-scripts build

node.exe : (node:25984) [DEP0176] DeprecationWarning: fs.F_OK is deprecated, use fs.constants.F_OK instead
At line:1 char:1
+ & "D:\Program Files\nodejs/node.exe" "C:\Users\chidc\AppData\Roaming\ ...
+ ~~~~~~~~~~~~~~~~~~~~~~~~~~~~~~~~~~~~~~~~~~~~~~~~~~~~~~~~~~~~~~~~~~~~~
    + CategoryInfo          : NotSpecified: ((node:25984) [D...ts.F_OK instead:String) [], RemoteException
    + FullyQualifiedErrorId : NativeCommandError
 
(Use `node --trace-deprecation ...` to show where the warning was created)
Creating an optimized production build...
Compiled with warnings.

Failed to parse source map from 'D:\My things\Learn\高一\python\PyVizAST\frontend\node_modules\@mediapipe\tasks-vision\vision_bundle_mjs.js.map' file: Error: ENOENT: no such file or directory, open 'D:\My things\Learn\高一\python\PyVizAST\frontend\node_modules\@mediapipe\tasks-vision\vision_bundle_mjs.js.map'

Failed to parse source map from 'D:\My things\Learn\高一\python\PyVizAST\frontend\node_modules\@react-three\drei\node_modules\@mediapipe\tasks-vision\vision_bundle_mjs.js.map' file: Error: ENOENT: no such file or directory, open 'D:\My things\Learn\高一\python\PyVizAST\frontend\node_modules\@react-three\drei\node_modules\@mediapipe\tasks-vision\vision_bundle_mjs.js.map'

[eslint] 
src\App.js
  Line 444:6:  React Hook useCallback has a missing dependency: 'toast'. Either include it or remove the dependency array  react-hooks/exhaustive-deps

src\components\PatchPanel.js
  Line 7:3:  'AlertCircle' is defined but never used  no-unused-vars

src\components\ProjectAnalysisView.js
  Line 181:6:  React Hook useCallback has a missing dependency: 'toast'. Either include it or remove the dependency array  react-hooks/exhaustive-deps

Search for the keywords to learn more about each warning.
To ignore, add // eslint-disable-next-line to the line before.

File sizes after gzip:

  355.18 kB (+16.18 kB)  build\static\js\main.999f2027.js
  6.19 kB (-37 B)        build\static\js\180.f14370ff.chunk.js

The project was built assuming it is hosted at /.
You can control this with the homepage field in your package.json.

The build folder is ready to be deployed.
You may serve it with a static server:

  npm install -g serve
  serve -s build

Find out more about deployment here:

  https://cra.link/deployment

